// Jest Snapshot v1, https://goo.gl/fbAQLP

exports[`Missions Component all missions snapshot 1`] = `
<DocumentFragment>
  <table
    class="table table-striped table-bordered table-hover"
  >
    <thead>
      <tr>
        <th
          class="mission-name"
        >
          Mission
        </th>
        <th>
          Description
        </th>
        <th>
          Status
        </th>
        <th>
          Actions
        </th>
      </tr>
    </thead>
    <tbody>
      <tr>
        <td>
          Test Mission
        </td>
        <td>
          Test Description
        </td>
        <td
          class="wide-td"
        >
          <span
            class="member-span"
            style="color: white; background-color: rgb(119, 119, 119); border-radius: 3px; cursor: default; padding: 3px;"
          >
            Not a Member
          </span>
        </td>
        <td
          class="wide-td"
        >
          <button
            style="border: 1px solid black; background-color: transparent; color: black; padding: 5px; border-radius: 4px;"
            type="button"
          >
            Join Mission
          </button>
        </td>
      </tr>
    </tbody>
  </table>
</DocumentFragment>
`;
